[  0%] Built target QtLingo_autogen_timestamp_deps
[  1%] Built target QtLingo_autogen
[ 11%] Built target QtLingo
[ 11%] Built target BGACore_autogen_timestamp_deps
[ 13%] Built target BGACore_autogen
[ 23%] Built target BGACore
[ 23%] Built target NST_autogen_timestamp_deps
[ 25%] Built target NST_autogen
[ 26%] Building CXX object CMakeFiles/NST.dir/settingsdialog.cpp.o
/home/jop/work/NST/NST/settingsdialog.cpp: In constructor ‘SettingsDialog::SettingsDialog(QWidget*)’:
/home/jop/work/NST/NST/settingsdialog.cpp:27:59: error: incomplete type ‘SettingsDialog::QRadioButton’ used in nested name specifier
   27 |     connect(ui->quickTranslateRadioButton, &QRadioButton::toggled, this, &SettingsDialog::updateConfigPanel);
      |                                                           ^~~~~~~
/home/jop/work/NST/NST/settingsdialog.cpp:28:66: error: incomplete type ‘SettingsDialog::QRadioButton’ used in nested name specifier
   28 |     connect(ui->professionalTranslateRadioButton, &QRadioButton::toggled, this, &SettingsDialog::updateConfigPanel);
      |                                                                  ^~~~~~~
/home/jop/work/NST/NST/settingsdialog.cpp:29:63: error: incomplete type ‘SettingsDialog::QRadioButton’ used in nested name specifier
   29 |     connect(ui->aiPoweredTranslateRadioButton, &QRadioButton::toggled, this, &SettingsDialog::updateConfigPanel);
      |                                                               ^~~~~~~
/home/jop/work/NST/NST/settingsdialog.cpp: In member function ‘void SettingsDialog::updateConfigPanel()’:
/home/jop/work/NST/NST/settingsdialog.cpp:145:34: error: invalid use of incomplete type ‘class SettingsDialog::QRadioButton’
  145 |     } else if (pluginsRadioButton->isChecked()) {
      |                                  ^~
In file included from /home/jop/work/NST/NST/settingsdialog.cpp:1:
/home/jop/work/NST/NST/settingsdialog.h:51:11: note: forward declaration of ‘class SettingsDialog::QRadioButton’
   51 |     class QRadioButton;
      |           ^~~~~~~~~~~~
/home/jop/work/NST/NST/settingsdialog.cpp: In member function ‘void SettingsDialog::setupPluginsUI()’:
/home/jop/work/NST/NST/settingsdialog.cpp:186:67: error: invalid use of incomplete type ‘class SettingsDialog::QRadioButton’
  186 |     pluginsRadioButton = new QRadioButton("🧩 Plugins (Lua)", this);
      |                                                                   ^
/home/jop/work/NST/NST/settingsdialog.h:51:11: note: forward declaration of ‘class SettingsDialog::QRadioButton’
   51 |     class QRadioButton;
      |           ^~~~~~~~~~~~
/home/jop/work/NST/NST/settingsdialog.cpp:187:54: error: cannot convert ‘SettingsDialog::QRadioButton*’ to ‘QWidget*’
  187 |     ui->translationModeGroupBox->layout()->addWidget(pluginsRadioButton);
      |                                                      ^~~~~~~~~~~~~~~~~~
      |                                                      |
      |                                                      SettingsDialog::QRadioButton*
In file included from /usr/include/qt6/QtWidgets/QLayout:1,
                 from /usr/include/qt6/QtWidgets/qformlayout.h:9,
                 from /usr/include/qt6/QtWidgets/QFormLayout:1,
                 from /home/jop/work/NST/NST/build/NST_autogen/include/ui_settingsdialog.h:18,
                 from /home/jop/work/NST/NST/settingsdialog.cpp:2:
/usr/include/qt6/QtWidgets/qlayout.h:88:29: note: initializing argument 1 of ‘void QLayout::addWidget(QWidget*)’
   88 |     void addWidget(QWidget *w);
      |                    ~~~~~~~~~^
/home/jop/work/NST/NST/settingsdialog.cpp:189:48: error: incomplete type ‘SettingsDialog::QRadioButton’ used in nested name specifier
  189 |     connect(pluginsRadioButton, &QRadioButton::toggled, this, &SettingsDialog::updateConfigPanel);
      |                                                ^~~~~~~
/home/jop/work/NST/NST/settingsdialog.cpp:196:40: error: invalid use of incomplete type ‘class SettingsDialog::QListWidget’
  196 |     pluginListWidget = new QListWidget();
      |                                        ^
/home/jop/work/NST/NST/settingsdialog.h:48:11: note: forward declaration of ‘class SettingsDialog::QListWidget’
   48 |     class QListWidget;
      |           ^~~~~~~~~~~
/home/jop/work/NST/NST/settingsdialog.cpp:197:21: error: invalid use of incomplete type ‘class SettingsDialog::QListWidget’
  197 |     pluginListWidget->setFixedWidth(150);
      |                     ^~
/home/jop/work/NST/NST/settingsdialog.h:48:11: note: forward declaration of ‘class SettingsDialog::QListWidget’
   48 |     class QListWidget;
      |           ^~~~~~~~~~~
/home/jop/work/NST/NST/settingsdialog.cpp:198:45: error: incomplete type ‘SettingsDialog::QListWidget’ used in nested name specifier
  198 |     connect(pluginListWidget, &QListWidget::itemClicked, this, &SettingsDialog::onPluginSelected);
      |                                             ^~~~~~~~~~~
/home/jop/work/NST/NST/settingsdialog.cpp:203:58: error: invalid use of incomplete type ‘class SettingsDialog::QCheckBox’
  203 |     pluginEnabledCheckBox = new QCheckBox("Enable Plugin");
      |                                                          ^
/home/jop/work/NST/NST/settingsdialog.h:49:11: note: forward declaration of ‘class SettingsDialog::QCheckBox’
   49 |     class QCheckBox;
      |           ^~~~~~~~~
/home/jop/work/NST/NST/settingsdialog.cpp:204:26: error: invalid use of incomplete type ‘class SettingsDialog::QCheckBox’
  204 |     pluginEnabledCheckBox->setEnabled(false); // Disabled until plugin selected
      |                          ^~
/home/jop/work/NST/NST/settingsdialog.h:49:11: note: forward declaration of ‘class SettingsDialog::QCheckBox’
   49 |     class QCheckBox;
      |           ^~~~~~~~~
/home/jop/work/NST/NST/settingsdialog.cpp:205:48: error: incomplete type ‘SettingsDialog::QCheckBox’ used in nested name specifier
  205 |     connect(pluginEnabledCheckBox, &QCheckBox::toggled, [this](bool checked){
      |                                                ^~~~~~~
/home/jop/work/NST/NST/settingsdialog.cpp: In lambda function:
/home/jop/work/NST/NST/settingsdialog.cpp:210:29: error: invalid use of incomplete type ‘class SettingsDialog::QListWidget’
  210 |         if (pluginListWidget->currentItem()) {
      |                             ^~
/home/jop/work/NST/NST/settingsdialog.h:48:11: note: forward declaration of ‘class SettingsDialog::QListWidget’
   48 |     class QListWidget;
      |           ^~~~~~~~~~~
/home/jop/work/NST/NST/settingsdialog.cpp:211:51: error: invalid use of incomplete type ‘class SettingsDialog::QListWidget’
  211 |              QString scriptName = pluginListWidget->currentItem()->text();
      |                                                   ^~
/home/jop/work/NST/NST/settingsdialog.h:48:11: note: forward declaration of ‘class SettingsDialog::QListWidget’
   48 |     class QListWidget;
      |           ^~~~~~~~~~~
/home/jop/work/NST/NST/settingsdialog.cpp: In member function ‘void SettingsDialog::setupPluginsUI()’:
/home/jop/work/NST/NST/settingsdialog.cpp:220:67: error: invalid use of incomplete type ‘class SettingsDialog::QFormLayout’
  220 |     pluginSettingsLayout = new QFormLayout(pluginSettingsContainer);
      |                                                                   ^
/home/jop/work/NST/NST/settingsdialog.h:50:11: note: forward declaration of ‘class SettingsDialog::QFormLayout’
   50 |     class QFormLayout;
      |           ^~~~~~~~~~~
/home/jop/work/NST/NST/settingsdialog.cpp:223:28: error: cannot convert ‘SettingsDialog::QCheckBox*’ to ‘QWidget*’
  223 |     rightLayout->addWidget(pluginEnabledCheckBox);
      |                            ^~~~~~~~~~~~~~~~~~~~~
      |                            |
      |                            SettingsDialog::QCheckBox*
In file included from /usr/include/qt6/QtWidgets/qlayout.h:146:
/usr/include/qt6/QtWidgets/qboxlayout.h:39:20: note: initializing argument 1 of ‘void QBoxLayout::addWidget(QWidget*, int, Qt::Alignment)’
   39 |     void addWidget(QWidget *, int stretch = 0, Qt::Alignment alignment = Qt::Alignment());
      |                    ^~~~~~~~~
/home/jop/work/NST/NST/settingsdialog.cpp:226:27: error: cannot convert ‘SettingsDialog::QListWidget*’ to ‘QWidget*’
  226 |     pageLayout->addWidget(pluginListWidget);
      |                           ^~~~~~~~~~~~~~~~
      |                           |
      |                           SettingsDialog::QListWidget*
/usr/include/qt6/QtWidgets/qboxlayout.h:39:20: note: initializing argument 1 of ‘void QBoxLayout::addWidget(QWidget*, int, Qt::Alignment)’
   39 |     void addWidget(QWidget *, int stretch = 0, Qt::Alignment alignment = Qt::Alignment());
      |                    ^~~~~~~~~
/home/jop/work/NST/NST/settingsdialog.cpp: In member function ‘void SettingsDialog::loadPluginList()’:
/home/jop/work/NST/NST/settingsdialog.cpp:244:21: error: invalid use of incomplete type ‘class SettingsDialog::QListWidget’
  244 |     pluginListWidget->clear();
      |                     ^~
/home/jop/work/NST/NST/settingsdialog.h:48:11: note: forward declaration of ‘class SettingsDialog::QListWidget’
   48 |     class QListWidget;
      |           ^~~~~~~~~~~
/home/jop/work/NST/NST/settingsdialog.cpp:254:34: error: invalid use of incomplete type ‘class SettingsDialog::QListWidget’
  254 |                  pluginListWidget->addItem(fileName);
      |                                  ^~
/home/jop/work/NST/NST/settingsdialog.h:48:11: note: forward declaration of ‘class SettingsDialog::QListWidget’
   48 |     class QListWidget;
      |           ^~~~~~~~~~~
/home/jop/work/NST/NST/settingsdialog.cpp: In member function ‘void SettingsDialog::onPluginSelected(QListWidgetItem*)’:
/home/jop/work/NST/NST/settingsdialog.cpp:270:26: error: invalid use of incomplete type ‘class SettingsDialog::QCheckBox’
  270 |     pluginEnabledCheckBox->setEnabled(true);
      |                          ^~
/home/jop/work/NST/NST/settingsdialog.h:49:11: note: forward declaration of ‘class SettingsDialog::QCheckBox’
   49 |     class QCheckBox;
      |           ^~~~~~~~~
/home/jop/work/NST/NST/settingsdialog.cpp:271:26: error: invalid use of incomplete type ‘class SettingsDialog::QCheckBox’
  271 |     pluginEnabledCheckBox->blockSignals(true);
      |                          ^~
/home/jop/work/NST/NST/settingsdialog.h:49:11: note: forward declaration of ‘class SettingsDialog::QCheckBox’
   49 |     class QCheckBox;
      |           ^~~~~~~~~
/home/jop/work/NST/NST/settingsdialog.cpp:272:26: error: invalid use of incomplete type ‘class SettingsDialog::QCheckBox’
  272 |     pluginEnabledCheckBox->setChecked(enabled);
      |                          ^~
/home/jop/work/NST/NST/settingsdialog.h:49:11: note: forward declaration of ‘class SettingsDialog::QCheckBox’
   49 |     class QCheckBox;
      |           ^~~~~~~~~
/home/jop/work/NST/NST/settingsdialog.cpp:273:26: error: invalid use of incomplete type ‘class SettingsDialog::QCheckBox’
  273 |     pluginEnabledCheckBox->blockSignals(false);
      |                          ^~
/home/jop/work/NST/NST/settingsdialog.h:49:11: note: forward declaration of ‘class SettingsDialog::QCheckBox’
   49 |     class QCheckBox;
      |           ^~~~~~~~~
/home/jop/work/NST/NST/settingsdialog.cpp:305:33: error: invalid use of incomplete type ‘class SettingsDialog::QFormLayout’
  305 |             pluginSettingsLayout->addRow(label + ":", edit);
      |                                 ^~
/home/jop/work/NST/NST/settingsdialog.h:50:11: note: forward declaration of ‘class SettingsDialog::QFormLayout’
   50 |     class QFormLayout;
      |           ^~~~~~~~~~~
/home/jop/work/NST/NST/settingsdialog.cpp: In member function ‘void SettingsDialog::clearPluginSettingsUI()’:
/home/jop/work/NST/NST/settingsdialog.cpp:314:40: error: invalid use of incomplete type ‘class SettingsDialog::QFormLayout’
  314 |     while ((item = pluginSettingsLayout->takeAt(0)) != nullptr) {
      |                                        ^~
/home/jop/work/NST/NST/settingsdialog.h:50:11: note: forward declaration of ‘class SettingsDialog::QFormLayout’
   50 |     class QFormLayout;
      |           ^~~~~~~~~~~
gmake[2]: *** [CMakeFiles/NST.dir/build.make:182: CMakeFiles/NST.dir/settingsdialog.cpp.o] Error 1
gmake[1]: *** [CMakeFiles/Makefile2:265: CMakeFiles/NST.dir/all] Error 2
gmake: *** [Makefile:156: all] Error 2
